../Core/Src/ssd1306.c:9:6:ssd1306_Reset	8	static
../Core/Src/ssd1306.c:16:6:ssd1306_WriteCommand	32	static
../Core/Src/ssd1306.c:21:6:ssd1306_WriteData	32	static
../Core/Src/ssd1306.c:66:17:ssd1306_FillBuffer	24	static
../Core/Src/ssd1306.c:76:6:ssd1306_Init	8	static
../Core/Src/ssd1306.c:185:6:ssd1306_ScrollRight	16	static
../Core/Src/ssd1306.c:198:6:ssd1306_ScrollLeft	16	static
../Core/Src/ssd1306.c:216:6:ssd1306_ScrollStop	8	static
../Core/Src/ssd1306.c:222:6:ssd1306_Fill	24	static
../Core/Src/ssd1306.c:232:6:ssd1306_UpdateScreen	16	static
../Core/Src/ssd1306.c:247:6:ssd1306_UpdateScreenRightSide	24	static
../Core/Src/ssd1306.c:260:6:ssd1306_DrawPixel	16	static
../Core/Src/ssd1306.c:278:6:ssd1306_WriteChar	48	static
../Core/Src/ssd1306.c:313:6:ssd1306_WriteString	24	static
../Core/Src/ssd1306.c:330:6:ssd1306_SetCursor	16	static
../Core/Src/ssd1306.c:336:6:ssd1306_Line	48	static
../Core/Src/ssd1306.c:372:6:ssd1306_Polyline	40	static
../Core/Src/ssd1306.c:386:14:ssd1306_DegToRad	16	static
../Core/Src/ssd1306.c:390:17:ssd1306_NormalizeTo0_360	24	static
../Core/Src/ssd1306.c:407:6:ssd1306_DrawArc	56	static
../Core/Src/ssd1306.c:444:6:ssd1306_DrawCircle	40	static
../Core/Src/ssd1306.c:489:6:ssd1306_DrawRectangle	32	static
../Core/Src/ssd1306.c:500:6:ssd1306_DrawBitmap	24	static
../Core/Src/ssd1306.c:522:6:ssd1306_SetContrast	24	static
../Core/Src/ssd1306.c:528:6:ssd1306_SetDisplayOn	24	static
../Core/Src/ssd1306.c:540:9:ssd1306_GetDisplayOn	4	static
../Core/Src/ssd1306.c:544:6:softScrollLeft	16	static
../Core/Src/ssd1306.c:556:6:softScrollRight	16	static
